
  .   ____          _            __ _ _
 /\\ / ___'_ __ _ _(_)_ __  __ _ \ \ \ \
( ( )\___ | '_ | '_| | '_ \/ _` | \ \ \ \
 \\/  ___)| |_)| | | | | || (_| |  ) ) ) )
  '  |____| .__|_| |_|_| |_\__, | / / / /
 =========|_|==============|___/=/_/_/_/
 :: Spring Boot ::                (v3.1.0)

2026-07-21T09:16:37.702-06:00  INFO 24036 --- [           main] c.a.addressbook.AddressBookApplication   : Starting AddressBookApplication using Java 17.0.19 with PID 24036 (C:\Users\Anthony Orlando\workspace\demo-address-book\backend\target\classes started by Anthony Orlando in C:\Users\Anthony Orlando\workspace\demo-address-book\backend)
2026-07-21T09:16:37.713-06:00  INFO 24036 --- [           main] c.a.addressbook.AddressBookApplication   : No active profile set, falling back to 1 default profile: "default"
2026-07-21T09:16:39.409-06:00  INFO 24036 --- [           main] .s.d.r.c.RepositoryConfigurationDelegate : Bootstrapping Spring Data JPA repositories in DEFAULT mode.
2026-07-21T09:16:39.650-06:00  INFO 24036 --- [           main] .s.d.r.c.RepositoryConfigurationDelegate : Finished Spring Data repository scanning in 205 ms. Found 2 JPA repository interfaces.
2026-07-21T09:16:42.015-06:00  INFO 24036 --- [           main] o.s.b.w.embedded.tomcat.TomcatWebServer  : Tomcat initialized with port(s): 8080 (http)
2026-07-21T09:16:42.048-06:00  INFO 24036 --- [           main] o.apache.catalina.core.StandardService   : Starting service [Tomcat]
2026-07-21T09:16:42.050-06:00  INFO 24036 --- [           main] o.apache.catalina.core.StandardEngine    : Starting Servlet engine: [Apache Tomcat/10.1.8]
2026-07-21T09:16:42.373-06:00  INFO 24036 --- [           main] o.a.c.c.C.[Tomcat].[localhost].[/]       : Initializing Spring embedded WebApplicationContext
2026-07-21T09:16:42.377-06:00  INFO 24036 --- [           main] w.s.c.ServletWebServerApplicationContext : Root WebApplicationContext: initialization completed in 4542 ms
2026-07-21T09:16:42.480-06:00  INFO 24036 --- [           main] com.zaxxer.hikari.HikariDataSource       : HikariPool-1 - Starting...
2026-07-21T09:16:43.195-06:00  INFO 24036 --- [           main] com.zaxxer.hikari.pool.HikariPool        : HikariPool-1 - Added connection conn0: url=jdbc:h2:file:./data/addressbook user=SA
2026-07-21T09:16:43.199-06:00  INFO 24036 --- [           main] com.zaxxer.hikari.HikariDataSource       : HikariPool-1 - Start completed.
2026-07-21T09:16:43.230-06:00  INFO 24036 --- [           main] o.s.b.a.h2.H2ConsoleAutoConfiguration    : H2 console available at '/h2-console'. Database available at 'jdbc:h2:file:./data/addressbook'
2026-07-21T09:16:43.647-06:00  INFO 24036 --- [           main] o.hibernate.jpa.internal.util.LogHelper  : HHH000204: Processing PersistenceUnitInfo [name: default]
2026-07-21T09:16:43.839-06:00  INFO 24036 --- [           main] org.hibernate.Version                    : HHH000412: Hibernate ORM core version 6.2.2.Final
2026-07-21T09:16:43.846-06:00  INFO 24036 --- [           main] org.hibernate.cfg.Environment            : HHH000406: Using bytecode reflection optimizer
2026-07-21T09:16:44.300-06:00  INFO 24036 --- [           main] o.h.b.i.BytecodeProviderInitiator        : HHH000021: Bytecode provider name : bytebuddy
2026-07-21T09:16:44.798-06:00  INFO 24036 --- [           main] o.s.o.j.p.SpringPersistenceUnitInfo      : No LoadTimeWeaver setup: ignoring JPA class transformer
2026-07-21T09:16:44.920-06:00  INFO 24036 --- [           main] org.hibernate.orm.dialect                : HHH035001: Using dialect: org.hibernate.dialect.H2Dialect, version: 2.1.214
2026-07-21T09:16:45.571-06:00  INFO 24036 --- [           main] o.h.b.i.BytecodeProviderInitiator        : HHH000021: Bytecode provider name : bytebuddy
2026-07-21T09:16:47.683-06:00  INFO 24036 --- [           main] o.h.e.t.j.p.i.JtaPlatformInitiator       : HHH000490: Using JtaPlatform implementation: [org.hibernate.engine.transaction.jta.platform.internal.NoJtaPlatform]
2026-07-21T09:16:47.936-06:00  INFO 24036 --- [           main] j.LocalContainerEntityManagerFactoryBean : Initialized JPA EntityManagerFactory for persistence unit 'default'
2026-07-21T09:16:49.368-06:00  WARN 24036 --- [           main] JpaBaseConfiguration$JpaWebConfiguration : spring.jpa.open-in-view is enabled by default. Therefore, database queries may be performed during view rendering. Explicitly configure spring.jpa.open-in-view to disable this warning
2026-07-21T09:16:50.419-06:00  INFO 24036 --- [           main] o.s.s.web.DefaultSecurityFilterChain     : Will secure any request with [org.springframework.security.web.session.DisableEncodeUrlFilter@2c7aba7c, org.springframework.security.web.context.request.async.WebAsyncManagerIntegrationFilter@729c98, org.springframework.security.web.context.SecurityContextHolderFilter@4806fbf7, org.springframework.security.web.header.HeaderWriterFilter@16f62062, org.springframework.web.filter.CorsFilter@a319a2e, org.springframework.security.web.authentication.logout.LogoutFilter@4c438f66, com.apprenticareers.addressbook.security.JwtAuthenticationFilter@2daf0cc9, org.springframework.security.web.savedrequest.RequestCacheAwareFilter@50e4d8cd, org.springframework.security.web.servletapi.SecurityContextHolderAwareRequestFilter@4b37d1a4, org.springframework.security.web.authentication.AnonymousAuthenticationFilter@54fffa5a, org.springframework.security.web.session.SessionManagementFilter@646ddc20, org.springframework.security.web.access.ExceptionTranslationFilter@7ac47f14, org.springframework.security.web.access.intercept.AuthorizationFilter@739be7ec]
2026-07-21T09:16:51.218-06:00  INFO 24036 --- [           main] o.s.b.w.embedded.tomcat.TomcatWebServer  : Tomcat started on port(s): 8080 (http) with context path ''
2026-07-21T09:16:51.242-06:00  INFO 24036 --- [           main] c.a.addressbook.AddressBookApplication   : Started AddressBookApplication in 14.415 seconds (process running for 15.257)
2026-07-21T09:16:51.965-06:00  INFO 24036 --- [           main] c.a.a.service.StartupAdminSeederService  : ==================================================================
2026-07-21T09:16:51.966-06:00  INFO 24036 --- [           main] c.a.a.service.StartupAdminSeederService  : Initial ADMIN account created. email=admin@addressbook.local password=9rpawEUqXdmP
2026-07-21T09:16:51.966-06:00  INFO 24036 --- [           main] c.a.a.service.StartupAdminSeederService  : Store this password securely now; it will not be logged again.
2026-07-21T09:16:51.966-06:00  INFO 24036 --- [           main] c.a.a.service.StartupAdminSeederService  : ==================================================================
2026-07-21T09:17:05.014-06:00  INFO 24036 --- [nio-8080-exec-1] o.a.c.c.C.[Tomcat].[localhost].[/]       : Initializing Spring DispatcherServlet 'dispatcherServlet'
2026-07-21T09:17:05.016-06:00  INFO 24036 --- [nio-8080-exec-1] o.s.web.servlet.DispatcherServlet        : Initializing Servlet 'dispatcherServlet'
2026-07-21T09:17:05.018-06:00  INFO 24036 --- [nio-8080-exec-1] o.s.web.servlet.DispatcherServlet        : Completed initialization in 2 ms
